
> aime-insights@0.1.0 build
> next build

Γû▓ Next.js 16.1.0 (Turbopack)
- Environments: .env.local

  Creating an optimized production build ...
node.exe : 
At C:\Program Files\n
odejs\npm.ps1:29 
char:3
+   & $NODE_EXE 
$NPM_CLI_JS $args
+   ~~~~~~~~~~~~~~~~~
~~~~~~~~~~~~
    + CategoryInfo   
           : NotSpe  
  cified: (:String   
 ) [], RemoteExce    
ption
    + FullyQualified 
   ErrorId : Native  
  CommandError
 
-----
[1m[31mFATAL[39m[
0m: An unexpected 
Turbopack error 
occurred. A panic 
log has been written 
to C:\Users\SATHIS~1\
AppData\Local\Temp\ne
xt-panic-b310b05ea83a
6354cdd12eb94c6f4905.
log.

To help make 
Turbopack better, 
report this error by 
]8;;https://github.c
om/vercel/next.js/dis
cussions/new?category
=turbopack-error-repo
rt&title=Turbopack%20
Error%3A%20create%20s
ymlink%20to%20..%2F..
%2Fnode_modules%2Fpg&
body=Turbopack%20vers
ion%3A%20%60ea1df5f2%
60%0ANext.js%20versio
n%3A%20%600.0.0%60%0A
%0AError%20message%3A
%0A%60%60%60%0Acreate
%20symlink%20to%20..%
2F..%2Fnode_modules%2
Fpg%0A%0ACaused%20by%
3A%0A-%20A%20required
%20privilege%20is%20n
ot%20held%20by%20the%
20client.%20%28os%20e
rror%201314%29%0A%60%
60%60&labels=Turbopac
k,Turbopack%20Panic%2
0Backtrace\clicking 
here.]8;;\
-----


> Build error 
occurred
Error [TurbopackInter
nalError]: create 
symlink to 
../../node_modules/pg

Caused by:
- A required 
privilege is not 
held by the client. 
(os error 1314)
    at ignore-listed 
frames {
  type: 'TurbopackInt
ernalError',
  location: undefined
}
